{
  "exchangeDeclareCalls": [
    {
      "name": "non-default-exchange",
      "type": "topic"
    },
    {
      "name": "queue-topic-dlx",
      "type": "fanout"
    },
    {
      "name": "queue-topic-rtx",
      "type": "fanout"
    }
  ],
  "queueDeclareCalls": [
    {
      "name": "queue-topic-dlq"
    },
    {
      "name": "queue-topic-rtq",
      "args": {
        "x-dead-letter-exchange": "non-default-exchange"
      }
    },
    {
      "name": "queue-topic",
      "args": {
        "x-dead-letter-exchange": "queue-topic-dlx"
      }
    }
  ],
  "queueBindCalls": [
    {
      "queue": "queue-topic-dlq",
      "exchange": "queue-topic-dlx",
      "routeKey": ""
    },
    {
      "queue": "queue-topic-rtq",
      "exchange": "queue-topic-rtx",
      "routeKey": ""
    },
    {
      "queue": "queue-topic",
      "exchange": "non-default-exchange",
      "routeKey": "rp:target:queue-topic"
    },
    {
      "queue": "queue-topic",
      "exchange": "non-default-exchange",
      "routeKey": "test-route-key"
    }
  ]
}