{
  "appId": "AppIdFiltered",
  "contentEncoding": "utf-8",
  "contentType": "application/json",
  "correlationId": "CidFiltered",
  "deliveryMode": 0,
  "headers": {
    "item-filter": "itemFilterValue",
    "rp-tenant": "TenantFiltered",
    "rp-appid": "AppIdFiltered",
    "rp-msg-type": "TypeFiltered",
    "rp-msg-type-full": "AppIdFiltered/TenantFiltered/TypeFiltered"
  },
  "messageId": "d1438a72-dab3-41b8-b3dd-1f5abd7713e3",
  "persistent": false,
  "priority": 0,
  "timestamp": {
    "unixTime": 0
  },
  "type": "TypeFiltered",
  "userId": "UserIdFiltered",
  "protocolClassId": 0,
  "protocolClassName": ""
}