{
  "uri": "",
  "defaultExchange": "bookworm-exchange",
  "defaultExchangeType": "direct"
}